Refreshing run status every 3 seconds. Press Ctrl+C to quit.

* main Daily briefing · 33508984277
Triggered via workflow_dispatch less than a minute ago

JOBS
* Generate and commit (ID 99859788067)
  ✓ Set up job
  ✓ Run actions/checkout@v4
  ✓ Run actions/setup-node@v4
  ✓ Install dependencies
  X Generate briefing
  - Validate all committed briefings
  - Commit and push
  - Post Run actions/setup-node@v4
  * Post Run actions/checkout@v4
X main Daily briefing · 33508984277
Triggered via workflow_dispatch less than a minute ago

JOBS
X Generate and commit in 22s (ID 99859788067)
  ✓ Set up job
  ✓ Run actions/checkout@v4
  ✓ Run actions/setup-node@v4
  ✓ Install dependencies
  X Generate briefing
  - Validate all committed briefings
  - Commit and push
  - Post Run actions/setup-node@v4
  ✓ Post Run actions/checkout@v4
  ✓ Complete job
- Build and audit (ID 99859917477)

ANNOTATIONS
! Node.js 20 is deprecated. The following actions target Node.js 20 but are being forced to run on Node.js 24: actions/checkout@v4, actions/setup-node@v4. For more information see: https://github.blog/changelog/2025-09-19-deprecation-of-node-20-on-github-actions-runners/
Generate and commit: .github#2

X Process completed with exit code 1.
Generate and commit: .github#61

